../Core/Src/main.c:78:6:delay	24	static
../Core/Src/main.c:82:6:decoder	16	static
../Core/Src/main.c:94:6:mors	16	static
../Core/Src/main.c:111:6:mors_blink	24	static
../Core/Src/main.c:152:5:main	8	static
../Core/Src/main.c:197:6:SystemClock_Config	80	static
../Core/Src/main.c:237:13:MX_I2C1_Init	8	static
../Core/Src/main.c:271:13:MX_I2S3_Init	8	static
../Core/Src/main.c:298:13:MX_SPI1_Init	8	static
../Core/Src/main.c:329:13:MX_TIM6_Init	16	static
../Core/Src/main.c:367:13:MX_TIM7_Init	16	static
../Core/Src/main.c:405:13:MX_GPIO_Init	56	static
../Core/Src/main.c:500:6:HAL_GPIO_EXTI_Callback	16	static
../Core/Src/main.c:542:6:HAL_TIM_PeriodElapsedCallback	16	static
../Core/Src/main.c:557:6:Error_Handler	4	static,ignoring_inline_asm
